// Jest Snapshot v1, https://goo.gl/fbAQLP

exports[`<Modal.Body /> Snapshot tests should render correctly 1`] = `
<div
  className="modal-body"
>
  content
</div>
`;
