// Jest Snapshot v1, https://goo.gl/fbAQLP

exports[`<Modal /> Snapshot tests should render correctly 1`] = `null`;
