// Jest Snapshot v1, https://goo.gl/fbAQLP

exports[`<Notification /> Snapshot tests should render correctly 1`] = `
<div
  className="Toastify"
/>
`;
