// Jest Snapshot v1, https://goo.gl/fbAQLP

exports[`<Brand /> Snapshot tests should render correctly 1`] = `
<a
  className="sc-bdVaJa jQwNdM"
  href="/"
  onClick={[Function]}
  title="Gallery"
>
  ギャラリー
</a>
`;
