// Jest Snapshot v1, https://goo.gl/fbAQLP

exports[`<Modal.Footer /> Snapshot tests should render correctly 1`] = `
<div
  className="modal-footer"
>
  content
</div>
`;
