// Jest Snapshot v1, https://goo.gl/fbAQLP

exports[`<Card.Image /> Snapshot tests should render correctly 1`] = `null`;
