// Jest Snapshot v1, https://goo.gl/fbAQLP

exports[`<Lightbox /> Snapshot tests should render correctly 1`] = `null`;
