// Jest Snapshot v1, https://goo.gl/fbAQLP

exports[`<Modal.Header /> Snapshot tests should render correctly 1`] = `
<div
  className="modal-header"
>
  <h5
    className="modal-title"
  >
    content
  </h5>
  <button
    aria-label="Close"
    className="close"
    onClick={[Function]}
    type="button"
  >
    <span
      aria-hidden="true"
    >
      Ã—
    </span>
  </button>
</div>
`;
