// Jest Snapshot v1, https://goo.gl/fbAQLP

exports[`<Main /> Snapshot tests should render correctly 1`] = `
<main
  className="sc-bdVaJa cIUQSX"
>
  <div
    className="container"
  >
    <div
      className="row"
    >
      <div
        className="col"
      >
        <div>
          Content
        </div>
      </div>
    </div>
  </div>
</main>
`;
